2026-08-16T21:46:18Z INSTALL web-pentest official:builtin dangerous sha256:86c31c12d95ab248
2026-08-16T21:46:19Z INSTALL domain-intel official:builtin safe sha256:eaa692b981ec0e9f
2026-08-16T21:46:19Z INSTALL sherlock official:builtin safe sha256:5c1da13887269a5e
2026-08-16T21:46:21Z INSTALL osint-investigation official:builtin caution sha256:01b0ee0066867704
2026-08-16T21:46:21Z INSTALL oss-forensics official:builtin dangerous sha256:01b7476c7bb61c7f
2026-08-16T21:46:22Z INSTALL scrapling official:builtin safe sha256:d360d73e74744838
2026-08-16T21:46:23Z INSTALL searxng-search official:builtin caution sha256:c9ae969f045fa519
2026-08-16T21:46:23Z INSTALL duckduckgo-search official:builtin safe sha256:25ae5cbdbb2bff0b
2026-08-16T21:46:24Z INSTALL watchers official:builtin dangerous sha256:83f9e2ba3dfcd8d7
2026-08-16T21:46:24Z INSTALL rest-graphql-debug official:builtin dangerous sha256:4ff99e0538f23af7
2026-08-16T21:46:25Z INSTALL evm official:builtin caution sha256:48f87adf7ba2a3bc
2026-08-16T21:46:26Z INSTALL solana official:builtin caution sha256:468f98c7cd39fe4a
2026-08-16T21:46:33Z BLOCKED analyzing-api-gateway-access-logs skills.sh:community dangerous 3_findings
2026-08-16T21:46:40Z INSTALL analyzing-android-malware-with-apktool skills.sh:community safe sha256:aa08e3e68f64134e
2026-08-16T21:46:46Z INSTALL analyzing-certificate-transparency-for-phishing skills.sh:community safe sha256:b985ca5ccbe5344a
2026-08-16T21:46:53Z INSTALL analyzing-cloud-storage-access-patterns skills.sh:community safe sha256:92fabe6b3426f72b
2026-08-16T21:46:59Z BLOCKED analyzing-dns-logs-for-exfiltration skills.sh:community dangerous 4_findings
2026-08-16T21:47:06Z BLOCKED analyzing-network-traffic-for-incidents skills.sh:community caution 7_findings
2026-08-16T21:47:17Z BLOCKED analyzing-browser-forensics-with-hindsight skills.sh:community caution 5_findings
2026-08-16T21:47:24Z BLOCKED analyzing-docker-container-forensics skills.sh:community dangerous 16_findings
2026-08-16T21:47:30Z INSTALL analyzing-apt-group-with-mitre-navigator skills.sh:community safe sha256:07fbae2c77b8cdd5
2026-08-16T21:47:37Z INSTALL solana-vulnerability-scanner skills.sh:community safe sha256:b405854b2117bda9
2026-08-16T21:47:43Z BLOCKED ctf-ai-ml skills.sh:community dangerous 25_findings
2026-08-16T21:52:53Z INSTALL aiclude-vulns-scan clawhub:community safe sha256:668dd8e3f1cb0e02
